map:Castélo_dos_pirátas
maxx:200
maxy:200
platform:0:200:0:concrete5
wall:0:0:15:wallfence
wall:200:0:15:wallfence
zone:1:200:0:200:Castélo_dos_pirátas
staircase:79:80:0:40:concrete
zone:80:80:0:0:Escadas
travelpoint:1:1:0:0:1:190:Ilha_dos_piratas:Vocé sai do castelo
zone:1:1:0:0:Portão_de_saída
platform:81:130:40:concrete9
platform:131:199:40:beam
staircase:199:199:30:40:beam
platform:170:198:30:beam
staircase:170:170:20:30:beam
platform:171:199:20:beam
staircase:199:199:0:20:beam
platform:101:199:0:brush
wall:100:0:39:wallgeneric
wall:198:31:39:wallrail
wall:169:20:33:wallrail
wall:198:1:19:wallrail
zone:131:131:40:40:Vocé nunca emaginara ver algo assim mas onde levará esta passágem!
platform:1:78:40:concrete9
platform:1:78:20:concrete9
platform:81:99:20:concrete9
zone:79:80:40:40:Segundo_andar
zone:79:80:20:20:Primeiro_andar
wall:78:1:19:wallobject
wall:81:1:19:wallobject
wall:81:21:39:wallobject
wall:78:21:39:wallobject
zone:2:2:0:15:Você está nos grandiosos portões do fantástico castelo dos pirátas. O portão é bastante resistente, e sua estrutura totalmente metálica impossibilita a gente intrusas de arrombá-lo. A pirátas que sempre ficam neste local, usam armaduras jamais vistas. Todas pretas e com um material desconhecido, luzes coloridas muito intensas saem delas, contrastando com as roupas dos soldados, que, imponentes, protegem tudo e todos que fazem parte dos domínios do Rei piráta.
teto:none
zone:199:199:30:50:escada
zone:170:170:20:38:escada
zone:199:199:0:28:escada
zone:101:197:0:19:cripta!
zone:198:198:0:0:cripta!
pwall:80:0:50:wallnone
zone:101:101:0:20:cofre!
desativar:bicicleta
desativar:camera
desativar:coordenadas
desativar:varinha
travelpoint:79:79:40:40:81:40:Castélo_dos_pirátas:¡
pwall:120:0:50:wallnone
pwall:120:0:50:wallnone
pwall:120:0:50:wallnone
pwall:120:0:50:wallnone
pwall:120:0:50:wallnone
pwall:120:0:50:wallnone
pwall:120:0:50:wallnone
pwall:120:0:50:wallnone
pwall:120:0:50:wallnone
pwall:120:0:50:wallnone
pwall:120:0:50:wallnone
pwall:120:0:50:wallnone
pwall:120:0:50:wallnone
pwall:120:0:50:wallnone
pwall:120:0:50:wallnone
pwall:120:0:50:wallnone
pwall:120:0:50:wallnone
pwall:120:0:50:wallnone
pwall:120:0:50:wallnone
pwall:120:0:50:wallnone
pwall:120:0:50:wallnone
pwall:120:0:50:wallnone
pwall:120:0:50:wallnone
pwall:120:0:50:wallnone
travelpoint:119:119:40:40:120:40:Castélo_dos_pirátas:¡
travelpoint:121:121:0:0:120:0:Castélo_dos_pirátas:¡
pwall:20:0:50:wallnone
pwall:30:0:50:wallnone
