map:estação_de_guadalajara
maxx:101
maxy:20
platform:1:100:20:wallnone
platform:1:100:-1:wallnone
platform:1:100:0:concrete
wall:0:0:20:wallnone
wall:101:0:20:wallnone
zone:1:100:0:20:Estação de trem de guadalajara
zone:1:1:0:20:Portas da estação.
zone:30:36:0:20:Guichê para compras de passagens.
zone:60:60:0:20:Catracas de embarque e desembarque. Pressione Enter para passar.
zone:62:62:0:20:Catracas de embarque e desembarque. Pressione Enter para passar.
sound_source:1:100:0:20:cruzamento.ogg
travelpoint:1:1:0:0:1:0:cidade_de_guadalajara:Você sai da estação e caminha pela cidade de guadalajara
portamapa:60:60:0:0:62:0:trens:Você passa as catracas.:catraca
zone:86:100:0:20:Plataforma de embarque e desembarque
wall:61:0:20:wallcone
travelpoint:86:100:0:0:5:0:trem:Você entra no trem, agora parado, aguardando pelos passageiros.
door:62:0:60:0:1:door.ogg:none:door0open.ogg:catraca.ogg
sound_source:0:100:0:20:pessoas.ogg
sound_source:0:100:0:20:pessoas2.ogg
desativar:bicicleta
desativar:coordenadas
teto:none
safezone:61:100:0:20
